test(forms):test1111\r66
test(forms):test1111\n66
test(forms):test111166
test(a)1dasfda
item1
item2
item3
